******************************************************************************
             TMS320C2000 Linker PC v15.12.3                    
******************************************************************************
>> Linked Sun Oct 09 15:12:15 2016

OUTPUT FILE NAME:   <Lab4.out>
ENTRY POINT SYMBOL: "_code_start"  address: 00000000


MEMORY CONFIGURATION

         name            origin    length      used     unused   attr    fill
----------------------  --------  ---------  --------  --------  ----  --------
PAGE 0:
  BEGIN_M0              00000000   00000002  00000002  00000000  RWIX
  L3DPSARAM             00009000   00001000  00000000  00001000  RWIX
  L4SARAM               0000a000   00002000  00000310  00001cf0  RWIX
  FPUTABLES             003fd860   000006a0  00000000  000006a0  R   
  IQTABLES              003fdf00   00000b50  00000000  00000b50  R   
  IQTABLES2             003fea50   0000008c  00000000  0000008c  R   
  IQTABLES3             003feadc   000000aa  00000000  000000aa  R   
  RESET                 003fffc0   00000002  00000000  00000002  R   

PAGE 1:
  M0SARAM               00000002   000003fe  00000004  000003fa  RWIX
  M1SARAM               00000400   00000400  00000300  00000100  RWIX
  DEV_EMU               00000880   00000105  00000004  00000101  RWIX
  SYS_PWR_CTL           00000985   00000003  00000000  00000003  RWIX
  FLASH_REGS            00000a80   00000060  00000000  00000060  RWIX
  CSM                   00000ae0   00000020  00000000  00000020  RWIX
  ADC_RESULT            00000b00   00000020  00000000  00000020  RWIX
  CPU_TIMER0            00000c00   00000008  00000000  00000008  RWIX
  CPU_TIMER1            00000c08   00000008  00000000  00000008  RWIX
  CPU_TIMER2            00000c10   00000008  00000000  00000008  RWIX
  PIE_CTRL              00000ce0   00000020  0000001a  00000006  RWIX
  PIE_VECT              00000d00   00000100  00000100  00000000  RWIX
  DMA                   00001000   00000200  00000000  00000200  RWIX
  CLA1                  00001400   00000080  00000000  00000080  RWIX
  USB0                  00004000   00001000  00000000  00001000  RWIX
  McBSPA                00005000   00000040  00000000  00000040  RWIX
  ECANA                 00006000   00000040  00000000  00000040  RWIX
  ECANA_LAM             00006040   00000040  00000000  00000040  RWIX
  ECANA_MOTS            00006080   00000040  00000000  00000040  RWIX
  ECANA_MOTO            000060c0   00000040  00000000  00000040  RWIX
  ECANA_MBOX            00006100   00000100  00000000  00000100  RWIX
  COMP1                 00006400   00000020  00000000  00000020  RWIX
  COMP2                 00006420   00000020  00000000  00000020  RWIX
  COMP3                 00006440   00000020  00000000  00000020  RWIX
  EPWM1                 00006800   00000040  00000000  00000040  RWIX
  EPWM2                 00006840   00000040  00000000  00000040  RWIX
  EPWM3                 00006880   00000040  00000000  00000040  RWIX
  EPWM4                 000068c0   00000040  00000000  00000040  RWIX
  EPWM5                 00006900   00000040  00000000  00000040  RWIX
  EPWM6                 00006940   00000040  00000000  00000040  RWIX
  EPWM7                 00006980   00000040  00000000  00000040  RWIX
  EPWM8                 000069c0   00000040  00000000  00000040  RWIX
  ECAP1                 00006a00   00000020  00000000  00000020  RWIX
  ECAP2                 00006a20   00000020  00000000  00000020  RWIX
  ECAP3                 00006a40   00000020  00000000  00000020  RWIX
  HRCAP1                00006ac0   00000020  00000000  00000020  RWIX
  HRCAP2                00006ae0   00000020  00000000  00000020  RWIX
  EQEP1                 00006b00   00000040  00000000  00000040  RWIX
  EQEP2                 00006b40   00000040  00000000  00000040  RWIX
  HRCAP3                00006c80   00000020  00000000  00000020  RWIX
  HRCAP4                00006ca0   00000020  00000000  00000020  RWIX
  GPIOCTRL              00006f80   00000040  00000040  00000000  RWIX
  GPIODAT               00006fc0   00000020  00000020  00000000  RWIX
  GPIOINT               00006fe0   00000020  00000020  00000000  RWIX
  SYSTEM                00007010   00000030  00000030  00000000  RWIX
  SPIA                  00007040   00000010  00000000  00000010  RWIX
  SCIA                  00007050   00000010  00000000  00000010  RWIX
  NMIINTRUPT            00007060   00000010  00000000  00000010  RWIX
  XINTRUPT              00007070   00000010  00000010  00000000  RWIX
  ADC                   00007100   00000080  00000000  00000080  RWIX
  SPIB                  00007740   00000010  00000000  00000010  RWIX
  SCIB                  00007750   00000010  00000000  00000010  RWIX
  I2CA                  00007900   00000040  00000000  00000040  RWIX
  L0DPSARAM             00008000   00000800  00000000  00000800  RWIX
  L1DPSARAM             00008800   00000400  00000000  00000400  RWIX
  L2DPSARAM             00008c00   00000400  00000000  00000400  RWIX
  L5DPSARAM             0000c000   00002000  00000000  00002000  RWIX
  L6DPSARAM             0000e000   00002000  00000000  00002000  RWIX
  L7DPSARAM             00010000   00002000  00000000  00002000  RWIX
  L8DPSARAM             00012000   00002000  00000000  00002000  RWIX
  PARTID                003d7e80   00000001  00000000  00000001  RWIX
  CSM_PWL               003f7ff8   00000008  00000000  00000008  RWIX


SECTION ALLOCATION MAP

 output                                  attributes/
section   page    origin      length       input sections
--------  ----  ----------  ----------   ----------------
.text      0    0000a000    000002e6     
                  0000a000    0000010d     F2806x_SysCtrl.obj (.text)
                  0000a10d    000000bc     F2806x_Gpio.obj (.text)
                  0000a1c9    0000003a     F2806x_Startup.obj (.text)
                  0000a203    00000033     lab4.obj (.text)
                  0000a236    0000002d     F2806x_PieCtrl.obj (.text)
                  0000a263    0000001c     F2806x_Xint1.obj (.text:retain)
                  0000a27f    0000001b     F2806x_PieVect.obj (.text)
                  0000a29a    0000001b     LedDrv.obj (.text)
                  0000a2b5    00000017     F2806x_Xint1.obj (.text)
                  0000a2cc    00000010     F2806x_DelayUs.obj (.text)
                  0000a2dc    0000000a     F2806x_PieVect.obj (.text:retain)

.switch    0    0000a2e6    00000024     
                  0000a2e6    00000024     F2806x_SysCtrl.obj (.switch:_ConfigurePLL)

.cinit     0    0000a30a    00000006     
                  0000a30a    00000004     lab4.obj (.cinit)
                  0000a30e    00000002     --HOLE-- [fill = 0]

.pinit     0    0000a000    00000000     UNINITIALIZED

.reset     0    003fffc0    00000002     DSECT
                  003fffc0    00000002     F2806x_Startup.obj (.reset)

.codestart 
*          0    00000000    00000002     
                  00000000    00000002     F2806x_Startup.obj (.codestart)

.bss       1    00000002    00000000     UNINITIALIZED

.ebss      1    00000002    00000004     UNINITIALIZED
                  00000002    00000002     F2806x_Xint1.obj (.ebss)
                  00000004    00000001     F2806x_SysCtrl.obj (.ebss)
                  00000005    00000001     lab4.obj (.ebss)

.stack     1    00000400    00000300     UNINITIALIZED
                  00000400    00000300     --HOLE--

DevEmuRegsFile 
*          1    00000880    00000004     UNINITIALIZED
                  00000880    00000004     F2806x_SysCtrl.obj (DevEmuRegsFile)

PieCtrlRegsFile 
*          1    00000ce0    0000001a     UNINITIALIZED
                  00000ce0    0000001a     F2806x_PieCtrl.obj (PieCtrlRegsFile)

PieVectTableFile 
*          1    00000d00    00000100     UNINITIALIZED
                  00000d00    00000100     F2806x_PieVect.obj (PieVectTableFile)

EmuKeyVar 
*          1    00000d00    00000000     UNINITIALIZED

EmuBModeVar 
*          1    00000d00    00000000     UNINITIALIZED

FlashCallbackVar 
*          1    00000d00    00000000     UNINITIALIZED

FlashScalingVar 
*          1    00000d00    00000000     UNINITIALIZED

GpioCtrlRegsFile 
*          1    00006f80    00000040     UNINITIALIZED
                  00006f80    00000040     F2806x_Gpio.obj (GpioCtrlRegsFile)

GpioDataRegsFile 
*          1    00006fc0    00000020     UNINITIALIZED
                  00006fc0    00000020     F2806x_Gpio.obj (GpioDataRegsFile)

GpioIntRegsFile 
*          1    00006fe0    00000020     UNINITIALIZED
                  00006fe0    00000020     F2806x_Gpio.obj (GpioIntRegsFile)

SysCtrlRegsFile 
*          1    00007010    00000030     UNINITIALIZED
                  00007010    00000030     F2806x_SysCtrl.obj (SysCtrlRegsFile)

XIntruptRegsFile 
*          1    00007070    00000010     UNINITIALIZED
                  00007070    00000010     F2806x_Xint1.obj (XIntruptRegsFile)

MODULE SUMMARY

       Module               code   ro data   rw data
       ------               ----   -------   -------
    .\Source\Apps\
       lab4.obj             51     0         5      
    +--+--------------------+------+---------+---------+
       Total:               51     0         5      
                                                    
    .\Source\HwDrv\
       F2806x_SysCtrl.obj   269    0         89     
       F2806x_Gpio.obj      188    0         128    
       F2806x_PieVect.obj   37     0         256    
       F2806x_PieCtrl.obj   45     0         26     
       F2806x_Xint1.obj     51     0         18     
       F2806x_Startup.obj   60     0         0      
       LedDrv.obj           27     0         0      
       F2806x_DelayUs.obj   16     0         0      
    +--+--------------------+------+---------+---------+
       Total:               693    0         517    
                                                    
       Stack:               0      0         768    
    +--+--------------------+------+---------+---------+
       Grand Total:         744    0         1290   


GLOBAL DATA SYMBOLS: SORTED BY DATA PAGE

address     data page           name
--------    ----------------    ----
00000002       0 (00000000)     _xint1Cycle
00000003       0 (00000000)     _xint1Counter
00000004       0 (00000000)     _cpuClock
00000005       0 (00000000)     _toggleCount

00000880      22 (00000880)     _DevEmuRegs

00000ce0      33 (00000cc0)     _PieCtrlRegs

00000d00      34 (00000d00)     _PieVectTable

00006f80     1be (00006f80)     _GpioCtrlRegs

00006fc0     1bf (00006fc0)     _GpioDataRegs
00006fe0     1bf (00006fc0)     _GpioIntRegs

00007010     1c0 (00007000)     _SysCtrlRegs

00007070     1c1 (00007040)     _XIntruptRegs


GLOBAL SYMBOLS: SORTED ALPHABETICALLY BY Name 

page  address   name                 
----  -------   ----                 
1     00000002  .bss                 
0     0000a000  .text                
0     0000a027  _ConfigurePLL        
0     0000a221  _Delay               
0     0000a2cc  _DelayUs             
1     00000880  _DevEmuRegs          
0     0000a29a  _DisplayLD2          
0     0000a255  _EnablePieInterrupts 
0     0000a109  _GetSystemFrequency  
0     0000a2c8  _GetXint1Cycle       
1     00006f80  _GpioCtrlRegs        
1     00006fc0  _GpioDataRegs        
1     00006fe0  _GpioIntRegs         
0     0000a2dc  _ISR_ILLEGAL         
0     0000a215  _InitDevice          
0     0000a10d  _InitGpio            
0     0000a236  _InitPieCtrl         
0     0000a27f  _InitPieVectTable    
0     0000a000  _InitSystemClock     
0     0000a2b5  _InitXint1           
1     00000ce0  _PieCtrlRegs         
1     00000d00  _PieVectTable        
0     0000a00d  _SelectClockSource   
0     0000a0b0  _SetPeripheralClocks 
0     0000a102  _SetSystemFrequency  
1     00007010  _SysCtrlRegs         
1     00007070  _XIntruptRegs        
0     0000a263  _Xint1_isr           
1     00000700  __STACK_END          
abs   00000300  __STACK_SIZE         
abs   ffffffff  ___TI_pprof_out_hndl 
abs   ffffffff  ___TI_prof_data_size 
abs   ffffffff  ___TI_prof_data_start
abs   ffffffff  ___binit__           
1     00000002  ___bss__             
abs   ffffffff  ___c_args__          
0     0000a30a  ___cinit__           
1     00000002  ___end__             
0     0000a2e6  ___etext__           
abs   ffffffff  ___pinit__           
0     0000a000  ___text__            
0     0000a1d0  _c_int00             
0     00000000  _code_start          
1     00000004  _cpuClock            
0     0000a203  _main                
1     00000005  _toggleCount         
1     00000003  _xint1Counter        
1     00000002  _xint1Cycle          
abs   ffffffff  binit                
0     0000a30a  cinit                
1     00000002  end                  
0     0000a2e6  etext                
abs   ffffffff  pinit                


GLOBAL SYMBOLS: SORTED BY Symbol Address 

page  address   name                 
----  -------   ----                 
0     00000000  _code_start          
0     0000a000  .text                
0     0000a000  _InitSystemClock     
0     0000a000  ___text__            
0     0000a00d  _SelectClockSource   
0     0000a027  _ConfigurePLL        
0     0000a0b0  _SetPeripheralClocks 
0     0000a102  _SetSystemFrequency  
0     0000a109  _GetSystemFrequency  
0     0000a10d  _InitGpio            
0     0000a1d0  _c_int00             
0     0000a203  _main                
0     0000a215  _InitDevice          
0     0000a221  _Delay               
0     0000a236  _InitPieCtrl         
0     0000a255  _EnablePieInterrupts 
0     0000a263  _Xint1_isr           
0     0000a27f  _InitPieVectTable    
0     0000a29a  _DisplayLD2          
0     0000a2b5  _InitXint1           
0     0000a2c8  _GetXint1Cycle       
0     0000a2cc  _DelayUs             
0     0000a2dc  _ISR_ILLEGAL         
0     0000a2e6  ___etext__           
0     0000a2e6  etext                
0     0000a30a  ___cinit__           
0     0000a30a  cinit                
1     00000002  .bss                 
1     00000002  ___bss__             
1     00000002  ___end__             
1     00000002  _xint1Cycle          
1     00000002  end                  
1     00000003  _xint1Counter        
1     00000004  _cpuClock            
1     00000005  _toggleCount         
1     00000700  __STACK_END          
1     00000880  _DevEmuRegs          
1     00000ce0  _PieCtrlRegs         
1     00000d00  _PieVectTable        
1     00006f80  _GpioCtrlRegs        
1     00006fc0  _GpioDataRegs        
1     00006fe0  _GpioIntRegs         
1     00007010  _SysCtrlRegs         
1     00007070  _XIntruptRegs        
abs   00000300  __STACK_SIZE         
abs   ffffffff  ___TI_pprof_out_hndl 
abs   ffffffff  ___TI_prof_data_size 
abs   ffffffff  ___TI_prof_data_start
abs   ffffffff  ___binit__           
abs   ffffffff  ___c_args__          
abs   ffffffff  ___pinit__           
abs   ffffffff  binit                
abs   ffffffff  pinit                

[53 symbols]
