******************************************************************************
             TMS320C2000 Linker PC v15.12.3                    
******************************************************************************
>> Linked Thu Oct 06 18:05:37 2016

OUTPUT FILE NAME:   <Lab3.out>
ENTRY POINT SYMBOL: "_code_start"  address: 00000000


MEMORY CONFIGURATION

         name            origin    length      used     unused   attr    fill
----------------------  --------  ---------  --------  --------  ----  --------
PAGE 0:
  BEGIN_M0              00000000   00000002  00000002  00000000  RWIX
  L3DPSARAM             00009000   00001000  00000000  00001000  RWIX
  L4SARAM               0000a000   00002000  00000269  00001d97  RWIX
  FPUTABLES             003fd860   000006a0  00000000  000006a0  R   
  IQTABLES              003fdf00   00000b50  00000000  00000b50  R   
  IQTABLES2             003fea50   0000008c  00000000  0000008c  R   
  IQTABLES3             003feadc   000000aa  00000000  000000aa  R   
  RESET                 003fffc0   00000002  00000000  00000002  R   

PAGE 1:
  M0SARAM               00000002   000003fe  000000b6  00000348  RWIX
  M1SARAM               00000400   00000400  00000300  00000100  RWIX
  L0DPSARAM             00008000   00000800  00000000  00000800  RWIX
  L1DPSARAM             00008800   00000400  00000000  00000400  RWIX
  L2DPSARAM             00008c00   00000400  00000000  00000400  RWIX
  L5DPSARAM             0000c000   00002000  00000000  00002000  RWIX
  L6DPSARAM             0000e000   00002000  00000000  00002000  RWIX
  L7DPSARAM             00010000   00002000  00000000  00002000  RWIX
  L8DPSARAM             00012000   00002000  00000000  00002000  RWIX


SECTION ALLOCATION MAP

 output                                  attributes/
section   page    origin      length       input sections
--------  ----  ----------  ----------   ----------------
.text      0    0000a000    0000023f     
                  0000a000    0000010d     F2806x_SysCtrl.obj (.text)
                  0000a10d    000000bc     F2806x_Gpio.obj (.text)
                  0000a1c9    0000003a     F2806x_Startup.obj (.text)
                  0000a203    00000027     lab3.obj (.text)
                  0000a22a    00000010     F2806x_DelayUs.obj (.text)
                  0000a23a    00000005     LedDrv.obj (.text)

.switch    0    0000a240    00000024     
                  0000a240    00000024     F2806x_SysCtrl.obj (.switch:_ConfigurePLL)

.cinit     0    0000a264    00000006     
                  0000a264    00000004     lab3.obj (.cinit)
                  0000a268    00000002     --HOLE-- [fill = 0]

.pinit     0    0000a000    00000000     UNINITIALIZED

.reset     0    003fffc0    00000002     DSECT
                  003fffc0    00000002     F2806x_Startup.obj (.reset)

.codestart 
*          0    00000000    00000002     
                  00000000    00000002     F2806x_Startup.obj (.codestart)

.bss       1    00000002    00000000     UNINITIALIZED

.ebss      1    00000002    00000002     UNINITIALIZED
                  00000002    00000001     F2806x_SysCtrl.obj (.ebss)
                  00000003    00000001     lab3.obj (.ebss)

.stack     1    00000400    00000300     UNINITIALIZED
                  00000400    00000300     --HOLE--

SysCtrlRegsFile 
*          1    00000004    00000030     UNINITIALIZED
                  00000004    00000030     F2806x_SysCtrl.obj (SysCtrlRegsFile)

DevEmuRegsFile 
*          1    00000034    00000004     UNINITIALIZED
                  00000034    00000004     F2806x_SysCtrl.obj (DevEmuRegsFile)

GpioCtrlRegsFile 
*          1    00000040    00000040     UNINITIALIZED
                  00000040    00000040     F2806x_Gpio.obj (GpioCtrlRegsFile)

GpioDataRegsFile 
*          1    00000080    00000020     UNINITIALIZED
                  00000080    00000020     F2806x_Gpio.obj (GpioDataRegsFile)

GpioIntRegsFile 
*          1    000000a0    00000020     UNINITIALIZED
                  000000a0    00000020     F2806x_Gpio.obj (GpioIntRegsFile)

MODULE SUMMARY

       Module               code   ro data   rw data
       ------               ----   -------   -------
    .\Source\Apps\
       lab3.obj             39     0         5      
    +--+--------------------+------+---------+---------+
       Total:               39     0         5      
                                                    
    .\Source\HwDrv\
       F2806x_SysCtrl.obj   269    0         89     
       F2806x_Gpio.obj      188    0         128    
       F2806x_Startup.obj   60     0         0      
       F2806x_DelayUs.obj   16     0         0      
       LedDrv.obj           5      0         0      
    +--+--------------------+------+---------+---------+
       Total:               538    0         217    
                                                    
       Stack:               0      0         768    
    +--+--------------------+------+---------+---------+
       Grand Total:         577    0         990    


GLOBAL DATA SYMBOLS: SORTED BY DATA PAGE

address     data page           name
--------    ----------------    ----
00000002       0 (00000000)     _cpuClock
00000003       0 (00000000)     _toggleCount
00000004       0 (00000000)     _SysCtrlRegs
00000034       0 (00000000)     _DevEmuRegs

00000040       1 (00000040)     _GpioCtrlRegs

00000080       2 (00000080)     _GpioDataRegs
000000a0       2 (00000080)     _GpioIntRegs


GLOBAL SYMBOLS: SORTED ALPHABETICALLY BY Name 

page  address   name                 
----  -------   ----                 
1     00000002  .bss                 
0     0000a000  .text                
0     0000a027  _ConfigurePLL        
0     0000a215  _Delay               
0     0000a22a  _DelayUs             
1     00000034  _DevEmuRegs          
0     0000a109  _GetSystemFrequency  
1     00000040  _GpioCtrlRegs        
1     00000080  _GpioDataRegs        
1     000000a0  _GpioIntRegs         
0     0000a20f  _InitDevice          
0     0000a10d  _InitGpio            
0     0000a000  _InitSystemClock     
0     0000a00d  _SelectClockSource   
0     0000a0b0  _SetPeripheralClocks 
0     0000a102  _SetSystemFrequency  
1     00000004  _SysCtrlRegs         
0     0000a23a  _ToggleLD2           
1     00000700  __STACK_END          
abs   00000300  __STACK_SIZE         
abs   ffffffff  ___TI_pprof_out_hndl 
abs   ffffffff  ___TI_prof_data_size 
abs   ffffffff  ___TI_prof_data_start
abs   ffffffff  ___binit__           
1     00000002  ___bss__             
abs   ffffffff  ___c_args__          
0     0000a264  ___cinit__           
1     00000002  ___end__             
0     0000a23f  ___etext__           
abs   ffffffff  ___pinit__           
0     0000a000  ___text__            
0     0000a1d0  _c_int00             
0     00000000  _code_start          
1     00000002  _cpuClock            
0     0000a203  _main                
1     00000003  _toggleCount         
abs   ffffffff  binit                
0     0000a264  cinit                
1     00000002  end                  
0     0000a23f  etext                
abs   ffffffff  pinit                


GLOBAL SYMBOLS: SORTED BY Symbol Address 

page  address   name                 
----  -------   ----                 
0     00000000  _code_start          
0     0000a000  .text                
0     0000a000  _InitSystemClock     
0     0000a000  ___text__            
0     0000a00d  _SelectClockSource   
0     0000a027  _ConfigurePLL        
0     0000a0b0  _SetPeripheralClocks 
0     0000a102  _SetSystemFrequency  
0     0000a109  _GetSystemFrequency  
0     0000a10d  _InitGpio            
0     0000a1d0  _c_int00             
0     0000a203  _main                
0     0000a20f  _InitDevice          
0     0000a215  _Delay               
0     0000a22a  _DelayUs             
0     0000a23a  _ToggleLD2           
0     0000a23f  ___etext__           
0     0000a23f  etext                
0     0000a264  ___cinit__           
0     0000a264  cinit                
1     00000002  .bss                 
1     00000002  ___bss__             
1     00000002  ___end__             
1     00000002  _cpuClock            
1     00000002  end                  
1     00000003  _toggleCount         
1     00000004  _SysCtrlRegs         
1     00000034  _DevEmuRegs          
1     00000040  _GpioCtrlRegs        
1     00000080  _GpioDataRegs        
1     000000a0  _GpioIntRegs         
1     00000700  __STACK_END          
abs   00000300  __STACK_SIZE         
abs   ffffffff  ___TI_pprof_out_hndl 
abs   ffffffff  ___TI_prof_data_size 
abs   ffffffff  ___TI_prof_data_start
abs   ffffffff  ___binit__           
abs   ffffffff  ___c_args__          
abs   ffffffff  ___pinit__           
abs   ffffffff  binit                
abs   ffffffff  pinit                

[41 symbols]
