******************************************************************************
             TMS320C2000 Linker PC v15.12.3                    
******************************************************************************
>> Linked Wed Oct 05 11:40:53 2016

OUTPUT FILE NAME:   <Lab1.out>
ENTRY POINT SYMBOL: "_code_start"  address: 00000000


MEMORY CONFIGURATION

         name            origin    length      used     unused   attr    fill
----------------------  --------  ---------  --------  --------  ----  --------
PAGE 0:
  BEGIN_M0              00000000   00000002  00000002  00000000  RWIX
  L3DPSARAM             00009000   00001000  00000000  00001000  RWIX
  L4SARAM               0000a000   00002000  000000fe  00001f02  RWIX
  FPUTABLES             003fd860   000006a0  00000000  000006a0  R   
  IQTABLES              003fdf00   00000b50  00000000  00000b50  R   
  IQTABLES2             003fea50   0000008c  00000000  0000008c  R   
  IQTABLES3             003feadc   000000aa  00000000  000000aa  R   
  RESET                 003fffc0   00000002  00000000  00000002  R   

PAGE 1:
  M0SARAM               00000002   000003fe  00000298  00000166  RWIX
  M1SARAM               00000400   00000400  00000300  00000100  RWIX
  DEV_EMU               00000880   00000105  00000000  00000105  RWIX
  SYS_PWR_CTL           00000985   00000003  00000000  00000003  RWIX
  FLASH_REGS            00000a80   00000060  00000000  00000060  RWIX
  CSM                   00000ae0   00000020  00000000  00000020  RWIX
  ADC_RESULT            00000b00   00000020  00000000  00000020  RWIX
  CPU_TIMER0            00000c00   00000008  00000000  00000008  RWIX
  CPU_TIMER1            00000c08   00000008  00000000  00000008  RWIX
  CPU_TIMER2            00000c10   00000008  00000000  00000008  RWIX
  PIE_CTRL              00000ce0   00000020  00000000  00000020  RWIX
  PIE_VECT              00000d00   00000100  00000000  00000100  RWIX
  DMA                   00001000   00000200  00000000  00000200  RWIX
  CLA1                  00001400   00000080  00000000  00000080  RWIX
  USB0                  00004000   00001000  00000000  00001000  RWIX
  McBSPA                00005000   00000040  00000000  00000040  RWIX
  ECANA                 00006000   00000040  00000000  00000040  RWIX
  ECANA_LAM             00006040   00000040  00000000  00000040  RWIX
  ECANA_MOTS            00006080   00000040  00000000  00000040  RWIX
  ECANA_MOTO            000060c0   00000040  00000000  00000040  RWIX
  ECANA_MBOX            00006100   00000100  00000000  00000100  RWIX
  COMP1                 00006400   00000020  00000000  00000020  RWIX
  COMP2                 00006420   00000020  00000000  00000020  RWIX
  COMP3                 00006440   00000020  00000000  00000020  RWIX
  EPWM1                 00006800   00000040  00000000  00000040  RWIX
  EPWM2                 00006840   00000040  00000000  00000040  RWIX
  EPWM3                 00006880   00000040  00000000  00000040  RWIX
  EPWM4                 000068c0   00000040  00000000  00000040  RWIX
  EPWM5                 00006900   00000040  00000000  00000040  RWIX
  EPWM6                 00006940   00000040  00000000  00000040  RWIX
  EPWM7                 00006980   00000040  00000000  00000040  RWIX
  EPWM8                 000069c0   00000040  00000000  00000040  RWIX
  ECAP1                 00006a00   00000020  00000000  00000020  RWIX
  ECAP2                 00006a20   00000020  00000000  00000020  RWIX
  ECAP3                 00006a40   00000020  00000000  00000020  RWIX
  HRCAP1                00006ac0   00000020  00000000  00000020  RWIX
  HRCAP2                00006ae0   00000020  00000000  00000020  RWIX
  EQEP1                 00006b00   00000040  00000000  00000040  RWIX
  EQEP2                 00006b40   00000040  00000000  00000040  RWIX
  HRCAP3                00006c80   00000020  00000000  00000020  RWIX
  HRCAP4                00006ca0   00000020  00000000  00000020  RWIX
  GPIOCTRL              00006f80   00000040  00000000  00000040  RWIX
  GPIODAT               00006fc0   00000020  00000000  00000020  RWIX
  GPIOINT               00006fe0   00000020  00000000  00000020  RWIX
  SYSTEM                00007010   00000030  00000000  00000030  RWIX
  SPIA                  00007040   00000010  00000000  00000010  RWIX
  SCIA                  00007050   00000010  00000000  00000010  RWIX
  NMIINTRUPT            00007060   00000010  00000000  00000010  RWIX
  XINTRUPT              00007070   00000010  00000000  00000010  RWIX
  ADC                   00007100   00000080  00000000  00000080  RWIX
  SPIB                  00007740   00000010  00000000  00000010  RWIX
  SCIB                  00007750   00000010  00000000  00000010  RWIX
  I2CA                  00007900   00000040  00000000  00000040  RWIX
  L0DPSARAM             00008000   00000800  00000000  00000800  RWIX
  L1DPSARAM             00008800   00000400  00000000  00000400  RWIX
  L2DPSARAM             00008c00   00000400  00000000  00000400  RWIX
  L5DPSARAM             0000c000   00002000  00000000  00002000  RWIX
  L6DPSARAM             0000e000   00002000  00000000  00002000  RWIX
  L7DPSARAM             00010000   00002000  00000000  00002000  RWIX
  L8DPSARAM             00012000   00002000  00000000  00002000  RWIX
  PARTID                003d7e80   00000001  00000000  00000001  RWIX
  CSM_PWL               003f7ff8   00000008  00000000  00000008  RWIX


SECTION ALLOCATION MAP

 output                                  attributes/
section   page    origin      length       input sections
--------  ----  ----------  ----------   ----------------
.text      0    0000a000    000000f2     
                  0000a000    00000060     Lab1.obj (.text)
                  0000a060    00000058     rts2800_fpu32.lib : s_sinf.obj (.text)
                  0000a0b8    0000003a     F2806x_Startup.obj (.text)

.cinit     0    0000a0f2    0000000c     
                  0000a0f2    0000000a     Lab1.obj (.cinit)
                  0000a0fc    00000002     --HOLE-- [fill = 0]

.pinit     0    0000a000    00000000     UNINITIALIZED

.reset     0    003fffc0    00000002     DSECT
                  003fffc0    00000002     F2806x_Startup.obj (.reset)

.codestart 
*          0    00000000    00000002     
                  00000000    00000002     F2806x_Startup.obj (.codestart)

.bss       1    00000002    00000000     UNINITIALIZED

.ebss      1    00000040    00000298     UNINITIALIZED
                  00000040    00000298     Lab1.obj (.ebss)

.stack     1    00000400    00000300     UNINITIALIZED
                  00000400    00000300     --HOLE--

MODULE SUMMARY

       Module               code   ro data   rw data
       ------               ----   -------   -------
    .\
       Lab1.obj             96     0         674    
       F2806x_Startup.obj   60     0         0      
    +--+--------------------+------+---------+---------+
       Total:               156    0         674    
                                                    
    C:\ti\ccsv6\tools\compiler\c2000_15.12.3.LTS\lib\rts2800_fpu32.lib
       s_sinf.obj           88     0         0      
    +--+--------------------+------+---------+---------+
       Total:               88     0         0      
                                                    
       Stack:               0      0         768    
    +--+--------------------+------+---------+---------+
       Grand Total:         244    0         1442   


GLOBAL DATA SYMBOLS: SORTED BY DATA PAGE

address     data page           name
--------    ----------------    ----
00000040       1 (00000040)     _mag
00000042       1 (00000040)     _omega

00000080       2 (00000080)     _volt


GLOBAL SYMBOLS: SORTED ALPHABETICALLY BY Name 

page  address   name                 
----  -------   ----                 
1     00000002  .bss                 
0     0000a000  .text                
1     00000700  __STACK_END          
abs   00000300  __STACK_SIZE         
abs   ffffffff  ___TI_pprof_out_hndl 
abs   ffffffff  ___TI_prof_data_size 
abs   ffffffff  ___TI_prof_data_start
abs   ffffffff  ___binit__           
1     00000002  ___bss__             
abs   ffffffff  ___c_args__          
0     0000a0f2  ___cinit__           
1     00000002  ___end__             
0     0000a0f2  ___etext__           
abs   ffffffff  ___pinit__           
0     0000a000  ___text__            
0     0000a0bf  _c_int00             
0     00000000  _code_start          
1     00000040  _mag                 
0     0000a000  _main                
1     00000042  _omega               
0     0000a060  _sin                 
0     0000a060  _sinf                
1     00000080  _volt                
abs   ffffffff  binit                
0     0000a0f2  cinit                
1     00000002  end                  
0     0000a0f2  etext                
abs   ffffffff  pinit                


GLOBAL SYMBOLS: SORTED BY Symbol Address 

page  address   name                 
----  -------   ----                 
0     00000000  _code_start          
0     0000a000  .text                
0     0000a000  ___text__            
0     0000a000  _main                
0     0000a060  _sin                 
0     0000a060  _sinf                
0     0000a0bf  _c_int00             
0     0000a0f2  ___cinit__           
0     0000a0f2  ___etext__           
0     0000a0f2  cinit                
0     0000a0f2  etext                
1     00000002  .bss                 
1     00000002  ___bss__             
1     00000002  ___end__             
1     00000002  end                  
1     00000040  _mag                 
1     00000042  _omega               
1     00000080  _volt                
1     00000700  __STACK_END          
abs   00000300  __STACK_SIZE         
abs   ffffffff  ___TI_pprof_out_hndl 
abs   ffffffff  ___TI_prof_data_size 
abs   ffffffff  ___TI_prof_data_start
abs   ffffffff  ___binit__           
abs   ffffffff  ___c_args__          
abs   ffffffff  ___pinit__           
abs   ffffffff  binit                
abs   ffffffff  pinit                

[28 symbols]
